Elapsed time: 170.977339 (170.977335 interval)
[1mTotal_Sequeces_parsed	100000
[0m[1mSequence_has_tag	88817
[0m[1mSequence_has_tag_>25	27460
[0m[1mtag_starts_at_16	25704
[0m[1mtag_starts_at_15	23119
[0m[1mtag_starts_at_14	20927
[0m[1mtag_starts_at_13	17443
[0m[1mSequence_length_<36	10941
[0m[1mtag_starts_at_18	517
[0m[1mtag_starts_at_12	198
[0m[1mtag_starts_at_17	182
[0m[1mtag_starts_at_22	180
[0m[1mtag_starts_at_23	106
[0m[1mtag_starts_at_19	98
[0m[1mtag_starts_at_20	91
[0m[1mtag_starts_at_21	66
[0m[1mtag_starts_at_25	65
[0m[1mtag_starts_at_11	35
[0m[1mtag_starts_at_10	16
[0m[1mtag_starts_at_28	10
[0m[1mtag_starts_at_9	8
[0m[1mtag_starts_at_8	8
[0m[1mtag_starts_at_6	7
[0m[1mtag_starts_at_24	6
[0m[1mtag_starts_at_7	6
[0m[1mtag_starts_at_29	4
[0m[1mtag_starts_at_38	3
[0m[1mtag_starts_at_37	2
[0m[1mtag_starts_at_35	2
[0m[1mtag_starts_at_5	2
[0m[1mtag_starts_at_36	2
[0m[1mtag_starts_at_3	2
[0m[1mtag_starts_at_26	2
[0m[1mtag_starts_at_2	1
[0m[1mtag_starts_at_39	1
[0m[1mtag_starts_at_27	1
[0m[1mtag_starts_at_1	1
[0m[1mtag_starts_at_41	1
[0m[1mtag_starts_at_30	1
[0m